// Vitest Snapshot v1, https://vitest.dev/guide/snapshot.html

exports[`TableComp.jsx > Snapshot 1`] = `
<div
  className="m-2 rounded-lg bg-white shadow-lg h-70vh overflow-y-scroll"
>
  <h2
    className="m-2 font-semibold text-20px"
    style={
      {
        "backgroundColor": "white",
        "position": "sticky",
        "top": 0,
        "zIndex": 1,
      }
    }
  >
     
  </h2>
  <div
    className="chakra-table__container css-1gc4pzd"
  >
    <table
      className="chakra-table css-0"
    >
      <thead
        className="css-0"
      >
        <tr
          className="css-0"
        >
          <th
            className="css-0"
          >
             
          </th>
           
          <th
            className="css-0"
          >
            Description
          </th>
        </tr>
      </thead>
      <tbody
        className="css-0"
      />
    </table>
  </div>
  <div
    className="undefined flex p-5 items-center cursor-pointer space-x-1"
    onClick={[Function]}
  >
    <svg
      fill="currentColor"
      height="1em"
      stroke="currentColor"
      strokeWidth="0"
      style={
        {
          "color": undefined,
        }
      }
      viewBox="0 0 512 512"
      width="1em"
      xmlns="http://www.w3.org/2000/svg"
    >
      <path
        d="M427 234.625H167.296l119.702-119.702L256 85 85 256l171 171 29.922-29.924-118.626-119.701H427v-42.75z"
      />
    </svg>
     
    <p>
      Back
    </p>
     
  </div>
</div>
`;
